3999999999999993162758993954635610164337962894505602607853617851072670109225363060048265214
