7999999999999993028695444816491210363638707264986104619772316240309389130974879982794309630
