3999999999999986325517987909282907294819612845653404009229829582545503115604922851396725634755782907944720035670423563035461252028199958213205052458205173389723661159879802720616449
